testdata/error/js/lint.js:1:4 parse ━━━━━━━━━━━━━━━━━━━━━━━━━━━━━━━━━━━━━━━━━━━━━━━━━━━━━━━━━━━━━━━━

  × expected `,` but instead found `a`

  ```
  > 1 │ [a a, ++b, ] = test;
      │    ^
    2 │
  ```

  i Remove a

testdata/error/js/lint.js:1:7 parse ━━━━━━━━━━━━━━━━━━━━━━━━━━━━━━━━━━━━━━━━━━━━━━━━━━━━━━━━━━━━━━━━

  × Invalid assignment to `++b`

  ```
  > 1 │ [a a, ++b, ] = test;
      │       ^^^
    2 │
  ```

  i This expression cannot be assigned to

testdata/error/js/lint.js lint ━━━━━━━━━━━━━━━━━━━━━━━━━━━━━━━━━━━━━━━━━━━━━━━━━━━━━━━━━━━━━━━━━━━━━

  × Fixes applied to the file, but there are still diagnostics to address.

testdata/error/js/lint.js format ━━━━━━━━━━━━━━━━━━━━━━━━━━━━━━━━━━━━━━━━━━━━━━━━━━━━━━━━━━━━━━━━━━━

  × Format with errors is disabled.

testdata/error/js/lint.js check ━━━━━━━━━━━━━━━━━━━━━━━━━━━━━━━━━━━━━━━━━━━━━━━━━━━━━━━━━━━━━━━━━━━━

  × Fixes applied to the file, but there are still diagnostics to address.

check ━━━━━━━━━━━━━━━━━━━━━━━━━━━━━━━━━━━━━━━━━━━━━━━━━━━━━━━━━━━━━━━━━━━━━━━━━━━━━━━━━━━━━━━━━━━━━━

  × Some errors were emitted while applying fixes.
